// Jest Snapshot v1, https://goo.gl/fbAQLP

exports[`ListItem rendering renders correctly 1`] = `ShallowWrapper {}`;
