// Jest Snapshot v1, https://goo.gl/fbAQLP

exports[`OrderLinks rendering renders correctly 1`] = `ShallowWrapper {}`;
