// Jest Snapshot v1, https://goo.gl/fbAQLP

exports[`Pagination rendering renders correctly 1`] = `ShallowWrapper {}`;
