// Jest Snapshot v1, https://goo.gl/fbAQLP

exports[`Toaster rendering renders correctly 1`] = `ShallowWrapper {}`;
